[0m15:01:13.279353 [debug] [MainThread]: Sending event: {'category': 'dbt', 'action': 'invocation', 'label': 'start', 'context': [<snowplow_tracker.self_describing_json.SelfDescribingJson object at 0x000002AFE79018D0>, <snowplow_tracker.self_describing_json.SelfDescribingJson object at 0x000002AFE7902250>, <snowplow_tracker.self_describing_json.SelfDescribingJson object at 0x000002AFE79029D0>]}


============================== 15:01:13.285453 | 8d86d762-f168-4180-9733-63ba42779373 ==============================
[0m15:01:13.285453 [info ] [MainThread]: Running with dbt=1.12.3
[0m15:01:13.285453 [debug] [MainThread]: running dbt with arguments {'maximum_seed_size_mib': '1', 'no_print': 'None', 'static_parser': 'True', 'warn_error_options': 'WarnErrorOptionsV2(error=[], warn=[], silence=[])', 'target_path': 'None', 'version_check': 'True', 'printer_width': '80', 'write_json': 'True', 'empty': 'None', 'log_cache_events': 'False', 'introspect': 'True', 'cache_selected_only': 'False', 'log_format': 'default', 'debug': 'False', 'fail_fast': 'False', 'profiles_dir': 'C:\\Users\\Khushi Sarpal\\.dbt', 'send_anonymous_usage_stats': 'True', 'quiet': 'False', 'warn_error': 'None', 'partial_parse': 'True', 'indirect_selection': 'eager', 'hints_enabled': 'True', 'use_colors': 'True', 'use_experimental_parser': 'False', 'invocation_command': 'dbt debug', 'log_path': 'logs'}
[0m15:01:13.532392 [info ] [MainThread]: dbt version: 1.12.3
[0m15:01:13.533800 [info ] [MainThread]: python version: 3.11.15
[0m15:01:13.533800 [info ] [MainThread]: python path: D:\Sexy laptop Data\all data\Airbnb Project\.venv\Scripts\python.exe
[0m15:01:13.533800 [info ] [MainThread]: os info: Windows-10-10.0.26200-SP0
[0m15:01:13.533800 [info ] [MainThread]: Using profiles dir at C:\Users\Khushi Sarpal\.dbt
[0m15:01:13.533800 [info ] [MainThread]: Using profiles.yml file at C:\Users\Khushi Sarpal\.dbt\profiles.yml
[0m15:01:13.533800 [info ] [MainThread]: Using dbt_project.yml file at D:\Sexy laptop Data\all data\Airbnb Project\dbt_project.yml
[0m15:01:13.533800 [info ] [MainThread]: Configuration:
[0m15:01:13.538874 [info ] [MainThread]:   profiles.yml file [[31mERROR not found[0m]
[0m15:01:13.538874 [info ] [MainThread]:   dbt_project.yml file [[31mERROR not found[0m]
[0m15:01:13.538874 [info ] [MainThread]: Required dependencies:
[0m15:01:13.540087 [debug] [MainThread]: Executing "git --help"
[0m15:01:13.994869 [debug] [MainThread]: STDOUT: "b"usage: git [-v | --version] [-h | --help] [-C <path>] [-c <name>=<value>]\n           [--exec-path[=<path>]] [--html-path] [--man-path] [--info-path]\n           [-p | --paginate | -P | --no-pager] [--no-replace-objects] [--no-lazy-fetch]\n           [--no-optional-locks] [--no-advice] [--bare] [--git-dir=<path>]\n           [--work-tree=<path>] [--namespace=<name>] [--config-env=<name>=<envvar>]\n           <command> [<args>]\n\nThese are common Git commands used in various situations:\n\nstart a working area (see also: git help tutorial)\n   clone      Clone a repository into a new directory\n   init       Create an empty Git repository or reinitialize an existing one\n\nwork on the current change (see also: git help everyday)\n   add        Add file contents to the index\n   mv         Move or rename a file, a directory, or a symlink\n   restore    Restore working tree files\n   rm         Remove files from the working tree and from the index\n\nexamine the history and state (see also: git help revisions)\n   bisect     Use binary search to find the commit that introduced a bug\n   diff       Show changes between commits, commit and working tree, etc\n   grep       Print lines matching a pattern\n   log        Show commit logs\n   show       Show various types of objects\n   status     Show the working tree status\n\ngrow, mark and tweak your common history\n   backfill   Download missing objects in a partial clone\n   branch     List, create, or delete branches\n   commit     Record changes to the repository\n   history    EXPERIMENTAL: Rewrite history\n   merge      Join two or more development histories together\n   rebase     Reapply commits on top of another base tip\n   reset      Set `HEAD` or the index to a known state\n   switch     Switch branches\n   tag        Create, list, delete or verify tags\n\ncollaborate (see also: git help workflows)\n   fetch      Download objects and refs from another repository\n   pull       Fetch from and integrate with another repository or a local branch\n   push       Update remote refs along with associated objects\n\n'git help -a' and 'git help -g' list available subcommands and some\nconcept guides. See 'git help <command>' or 'git help <concept>'\nto read about a specific subcommand or concept.\nSee 'git help git' for an overview of the system.\n""
[0m15:01:13.995894 [debug] [MainThread]: STDERR: "b''"
[0m15:01:13.995894 [info ] [MainThread]:  - git [[32mOK found[0m]

[0m15:01:13.995894 [info ] [MainThread]: Connection test skipped since no profile was found
[0m15:01:13.995894 [info ] [MainThread]: [31m2 checks failed:[0m
[0m15:01:13.995894 [info ] [MainThread]: dbt looked for a profiles.yml file in C:\Users\Khushi Sarpal\.dbt\profiles.yml, but did
not find one. For more information on configuring your profile, consult the
documentation:

https://docs.getdbt.com/docs/configure-your-profile


[0m15:01:13.995894 [info ] [MainThread]: Project loading failed for the following reason:
 project path <D:\Sexy laptop Data\all data\Airbnb Project\dbt_project.yml> not found

[0m15:01:13.995894 [debug] [MainThread]: Command `dbt debug` failed at 15:01:13.995894 after 0.84 seconds
[0m15:01:13.995894 [debug] [MainThread]: Sending event: {'category': 'dbt', 'action': 'invocation', 'label': 'end', 'context': [<snowplow_tracker.self_describing_json.SelfDescribingJson object at 0x000002AFE7877410>, <snowplow_tracker.self_describing_json.SelfDescribingJson object at 0x000002AFE78FBED0>, <snowplow_tracker.self_describing_json.SelfDescribingJson object at 0x000002AFE7863AD0>]}
[0m15:01:13.995894 [debug] [MainThread]: Flushing usage events
[0m15:01:15.040448 [debug] [MainThread]: An error was encountered while trying to flush usage events
[0m15:02:23.497553 [debug] [MainThread]: Sending event: {'category': 'dbt', 'action': 'invocation', 'label': 'start', 'context': [<snowplow_tracker.self_describing_json.SelfDescribingJson object at 0x000001C558993610>, <snowplow_tracker.self_describing_json.SelfDescribingJson object at 0x000001C55D4E8950>, <snowplow_tracker.self_describing_json.SelfDescribingJson object at 0x000001C55D434550>]}


============================== 15:02:23.503372 | 9819eb7f-59dd-4ba5-9958-72009bac0992 ==============================
[0m15:02:23.503372 [info ] [MainThread]: Running with dbt=1.12.3
[0m15:02:23.504914 [debug] [MainThread]: running dbt with arguments {'version_check': 'True', 'no_print': 'None', 'static_parser': 'True', 'warn_error_options': 'WarnErrorOptionsV2(error=[], warn=[], silence=[])', 'target_path': 'None', 'maximum_seed_size_mib': '1', 'printer_width': '80', 'write_json': 'True', 'empty': 'None', 'log_cache_events': 'False', 'introspect': 'True', 'cache_selected_only': 'False', 'fail_fast': 'False', 'debug': 'False', 'log_format': 'default', 'profiles_dir': 'C:\\Users\\Khushi Sarpal\\.dbt', 'send_anonymous_usage_stats': 'True', 'quiet': 'False', 'warn_error': 'None', 'partial_parse': 'True', 'invocation_command': 'dbt init', 'hints_enabled': 'True', 'use_colors': 'True', 'use_experimental_parser': 'False', 'indirect_selection': 'eager', 'log_path': 'logs'}
[0m15:02:23.527801 [info ] [MainThread]: Creating dbt configuration folder at C:\Users\Khushi Sarpal\.dbt
[0m15:02:40.905151 [debug] [MainThread]: Starter project path: D:\Sexy laptop Data\all data\Airbnb Project\.venv\Lib\site-packages\dbt\include\starter_project
[0m15:02:40.996315 [info ] [MainThread]: Setting up your profile.
[0m15:03:01.854604 [debug] [MainThread]: Snowflake adapter: Setting snowflake.connector to ERROR (file logging only)
[0m15:03:01.854604 [debug] [MainThread]: Snowflake adapter: Setting botocore to ERROR (file logging only)
[0m15:03:01.854604 [debug] [MainThread]: Snowflake adapter: Setting boto3 to ERROR (file logging only)
[0m15:09:31.089159 [info ] [MainThread]: Profile aws_dbt_snowflake_project written to C:\Users\Khushi Sarpal\.dbt\profiles.yml using target's profile_template.yml and your supplied values.
[0m15:09:31.089159 [info ] [MainThread]: Running dbt debug to validate the project...
[0m15:09:31.089159 [info ] [MainThread]: dbt version: 1.12.3
[0m15:09:31.089159 [info ] [MainThread]: python version: 3.11.15
[0m15:09:31.089159 [info ] [MainThread]: python path: D:\Sexy laptop Data\all data\Airbnb Project\.venv\Scripts\python.exe
[0m15:09:31.097238 [info ] [MainThread]: os info: Windows-10-10.0.26200-SP0
[0m15:09:31.152878 [info ] [MainThread]: Using profiles dir at C:\Users\Khushi Sarpal\.dbt
[0m15:09:31.159008 [info ] [MainThread]: Using profiles.yml file at C:\Users\Khushi Sarpal\.dbt\profiles.yml
[0m15:09:31.159008 [info ] [MainThread]: Using dbt_project.yml file at D:\Sexy laptop Data\all data\Airbnb Project\aws_dbt_snowflake_project\dbt_project.yml
[0m15:09:31.161061 [info ] [MainThread]: adapter type: snowflake
[0m15:09:31.161061 [info ] [MainThread]: adapter version: 1.12.0
[0m15:09:31.210398 [info ] [MainThread]: Configuration:
[0m15:09:31.218433 [info ] [MainThread]:   profiles.yml file [[32mOK found and valid[0m]
[0m15:09:31.218433 [info ] [MainThread]:   dbt_project.yml file [[32mOK found and valid[0m]
[0m15:09:31.218433 [info ] [MainThread]: Required dependencies:
[0m15:09:31.218433 [debug] [MainThread]: Executing "git --help"
[0m15:09:31.259002 [debug] [MainThread]: STDOUT: "b"usage: git [-v | --version] [-h | --help] [-C <path>] [-c <name>=<value>]\n           [--exec-path[=<path>]] [--html-path] [--man-path] [--info-path]\n           [-p | --paginate | -P | --no-pager] [--no-replace-objects] [--no-lazy-fetch]\n           [--no-optional-locks] [--no-advice] [--bare] [--git-dir=<path>]\n           [--work-tree=<path>] [--namespace=<name>] [--config-env=<name>=<envvar>]\n           <command> [<args>]\n\nThese are common Git commands used in various situations:\n\nstart a working area (see also: git help tutorial)\n   clone      Clone a repository into a new directory\n   init       Create an empty Git repository or reinitialize an existing one\n\nwork on the current change (see also: git help everyday)\n   add        Add file contents to the index\n   mv         Move or rename a file, a directory, or a symlink\n   restore    Restore working tree files\n   rm         Remove files from the working tree and from the index\n\nexamine the history and state (see also: git help revisions)\n   bisect     Use binary search to find the commit that introduced a bug\n   diff       Show changes between commits, commit and working tree, etc\n   grep       Print lines matching a pattern\n   log        Show commit logs\n   show       Show various types of objects\n   status     Show the working tree status\n\ngrow, mark and tweak your common history\n   backfill   Download missing objects in a partial clone\n   branch     List, create, or delete branches\n   commit     Record changes to the repository\n   history    EXPERIMENTAL: Rewrite history\n   merge      Join two or more development histories together\n   rebase     Reapply commits on top of another base tip\n   reset      Set `HEAD` or the index to a known state\n   switch     Switch branches\n   tag        Create, list, delete or verify tags\n\ncollaborate (see also: git help workflows)\n   fetch      Download objects and refs from another repository\n   pull       Fetch from and integrate with another repository or a local branch\n   push       Update remote refs along with associated objects\n\n'git help -a' and 'git help -g' list available subcommands and some\nconcept guides. See 'git help <command>' or 'git help <concept>'\nto read about a specific subcommand or concept.\nSee 'git help git' for an overview of the system.\n""
[0m15:09:31.260519 [debug] [MainThread]: STDERR: "b''"
[0m15:09:31.260519 [info ] [MainThread]:  - git [[32mOK found[0m]

[0m15:09:31.260519 [info ] [MainThread]: Connection:
[0m15:09:31.260519 [info ] [MainThread]:   account: PVOPXDM-OB79206
[0m15:09:31.260519 [info ] [MainThread]:   user: KHUSHISARPAL24
[0m15:09:31.263476 [info ] [MainThread]:   database: AIRBNB
[0m15:09:31.263476 [info ] [MainThread]:   warehouse: COMPUTE_WH
[0m15:09:31.263476 [info ] [MainThread]:   role: ACCOUNTADMIN
[0m15:09:31.263476 [info ] [MainThread]:   schema: dbt_schema
[0m15:09:31.263476 [info ] [MainThread]:   authenticator: None
[0m15:09:31.263476 [info ] [MainThread]:   oauth_client_id: None
[0m15:09:31.263476 [info ] [MainThread]:   query_tag: None
[0m15:09:31.263476 [info ] [MainThread]:   client_session_keep_alive: False
[0m15:09:31.263476 [info ] [MainThread]:   host: None
[0m15:09:31.263476 [info ] [MainThread]:   port: None
[0m15:09:31.263476 [info ] [MainThread]:   proxy_host: None
[0m15:09:31.263476 [info ] [MainThread]:   proxy_port: None
[0m15:09:31.263476 [info ] [MainThread]:   protocol: None
[0m15:09:31.263476 [info ] [MainThread]:   connect_retries: 1
[0m15:09:31.267924 [info ] [MainThread]:   connect_timeout: None
[0m15:09:31.267924 [info ] [MainThread]:   retry_on_database_errors: False
[0m15:09:31.268431 [info ] [MainThread]:   retry_all: False
[0m15:09:31.268431 [info ] [MainThread]:   insecure_mode: False
[0m15:09:31.268431 [info ] [MainThread]:   reuse_connections: True
[0m15:09:31.269454 [info ] [MainThread]:   s3_stage_vpce_dns_name: None
[0m15:09:31.269454 [info ] [MainThread]:   workload_identity_provider: None
[0m15:09:31.269454 [info ] [MainThread]:   workload_identity_entra_resource: None
[0m15:09:31.269454 [info ] [MainThread]:   platform_detection_timeout_seconds: 0.0
[0m15:09:31.269454 [info ] [MainThread]: Registered adapter: snowflake=1.12.0
[0m15:09:31.634950 [debug] [MainThread]: Acquiring new snowflake connection 'debug'
[0m15:09:31.697590 [debug] [MainThread]: Using snowflake connection "debug"
[0m15:09:31.697590 [debug] [MainThread]: On debug: select 1 as id
[0m15:09:31.697590 [debug] [MainThread]: Opening a new connection, currently in state init
[0m15:09:41.864763 [debug] [MainThread]: SQL status: SUCCESS 1 in 10.168 seconds
[0m15:09:41.864763 [info ] [MainThread]:   Connection test: [[32mOK connection ok[0m]

[0m15:09:41.864763 [info ] [MainThread]: [32mAll checks passed![0m
[0m15:09:41.864763 [info ] [MainThread]: Your new dbt project "aws_dbt_snowflake_project" was created!
Initialized new project in D:\Sexy laptop Data\all data\Airbnb Project\aws_dbt_snowflake_project\aws_dbt_snowflake_project

For more information on how to configure the profiles.yml file,
please consult the dbt documentation here:

  https://docs.getdbt.com/docs/configure-your-profile

One more thing:

Need help? Don't hesitate to reach out to us via GitHub issues or on Slack:

  https://community.getdbt.com/

Happy modeling!

[0m15:09:41.870415 [debug] [MainThread]: Command `dbt init` succeeded at 15:09:41.870415 after 438.44 seconds
[0m15:09:41.870415 [debug] [MainThread]: Connection 'debug' was left open.
[0m15:09:41.870415 [debug] [MainThread]: On debug: Close
[0m15:09:41.959977 [debug] [MainThread]: Sending event: {'category': 'dbt', 'action': 'invocation', 'label': 'end', 'context': [<snowplow_tracker.self_describing_json.SelfDescribingJson object at 0x000001C55BE188D0>, <snowplow_tracker.self_describing_json.SelfDescribingJson object at 0x000001C55D4F7750>, <snowplow_tracker.self_describing_json.SelfDescribingJson object at 0x000001C55D5857D0>]}
[0m15:09:41.959977 [debug] [MainThread]: Flushing usage events
[0m15:09:42.394597 [debug] [MainThread]: An error was encountered while trying to flush usage events
[0m17:20:15.162255 [debug] [MainThread]: Sending event: {'category': 'dbt', 'action': 'invocation', 'label': 'start', 'context': [<snowplow_tracker.self_describing_json.SelfDescribingJson object at 0x000002A7B7CB5550>, <snowplow_tracker.self_describing_json.SelfDescribingJson object at 0x000002A7BC8553D0>, <snowplow_tracker.self_describing_json.SelfDescribingJson object at 0x000002A7BC854810>]}


============================== 17:20:15.211303 | 62e618bd-1d2d-4cd6-9681-d2ea3d1bb41d ==============================
[0m17:20:15.211303 [info ] [MainThread]: Running with dbt=1.12.3
[0m17:20:15.211303 [debug] [MainThread]: running dbt with arguments {'maximum_seed_size_mib': '1', 'no_print': 'None', 'static_parser': 'True', 'warn_error_options': 'WarnErrorOptionsV2(error=[], warn=[], silence=[])', 'target_path': 'None', 'version_check': 'True', 'printer_width': '80', 'write_json': 'True', 'introspect': 'True', 'log_cache_events': 'False', 'empty': 'False', 'cache_selected_only': 'False', 'log_format': 'default', 'debug': 'False', 'fail_fast': 'False', 'partial_parse': 'True', 'send_anonymous_usage_stats': 'True', 'quiet': 'False', 'warn_error': 'None', 'profiles_dir': 'C:\\Users\\Khushi Sarpal\\.dbt', 'indirect_selection': 'eager', 'hints_enabled': 'True', 'invocation_command': 'dbt run --select models/demo', 'use_experimental_parser': 'False', 'use_colors': 'True', 'log_path': 'logs'}
[0m17:20:15.211303 [error] [MainThread]: [[31mERROR[0m]: Encountered an error:
Runtime Error
  No dbt_project.yml found at expected path D:\Sexy laptop Data\all data\Airbnb Project\dbt_project.yml
  Verify that each entry within packages.yml (and their transitive dependencies) contains a file named dbt_project.yml
  
[0m17:20:15.211303 [debug] [MainThread]: Command `dbt run` failed at 17:20:15.211303 after 0.14 seconds
[0m17:20:15.211303 [debug] [MainThread]: Sending event: {'category': 'dbt', 'action': 'invocation', 'label': 'end', 'context': [<snowplow_tracker.self_describing_json.SelfDescribingJson object at 0x000002A7BC92FF10>, <snowplow_tracker.self_describing_json.SelfDescribingJson object at 0x000002A7BC843C10>, <snowplow_tracker.self_describing_json.SelfDescribingJson object at 0x000002A7BC843E10>]}
[0m17:20:15.211303 [debug] [MainThread]: Flushing usage events
[0m17:20:15.924775 [debug] [MainThread]: An error was encountered while trying to flush usage events
[0m15:17:30.809335 [debug] [MainThread]: Sending event: {'category': 'dbt', 'action': 'invocation', 'label': 'start', 'context': [<snowplow_tracker.self_describing_json.SelfDescribingJson object at 0x000001E8321E8690>, <snowplow_tracker.self_describing_json.SelfDescribingJson object at 0x000001E832123E90>, <snowplow_tracker.self_describing_json.SelfDescribingJson object at 0x000001E8322E3490>]}


============================== 15:17:30.828775 | 219e7948-38c6-4b59-8576-83d31b9697c4 ==============================
[0m15:17:30.828775 [info ] [MainThread]: Running with dbt=1.12.3
[0m15:17:30.830421 [debug] [MainThread]: running dbt with arguments {'static_parser': 'True', 'no_print': 'None', 'version_check': 'True', 'warn_error_options': 'WarnErrorOptionsV2(error=[], warn=[], silence=[])', 'target_path': 'None', 'maximum_seed_size_mib': '1', 'printer_width': '80', 'write_json': 'True', 'introspect': 'True', 'log_cache_events': 'False', 'empty': 'False', 'cache_selected_only': 'False', 'fail_fast': 'False', 'debug': 'False', 'log_format': 'default', 'profiles_dir': 'C:\\Users\\Khushi Sarpal\\.dbt', 'send_anonymous_usage_stats': 'True', 'quiet': 'False', 'warn_error': 'None', 'partial_parse': 'True', 'invocation_command': 'dbt run', 'hints_enabled': 'True', 'use_colors': 'True', 'use_experimental_parser': 'False', 'indirect_selection': 'eager', 'log_path': 'logs'}
[0m15:17:30.830421 [error] [MainThread]: [[31mERROR[0m]: Encountered an error:
Runtime Error
  No dbt_project.yml found at expected path D:\Sexy laptop Data\all data\Airbnb Project\dbt_project.yml
  Verify that each entry within packages.yml (and their transitive dependencies) contains a file named dbt_project.yml
  
[0m15:17:30.832168 [debug] [MainThread]: Command `dbt run` failed at 15:17:30.830421 after 0.12 seconds
[0m15:17:30.832168 [debug] [MainThread]: Sending event: {'category': 'dbt', 'action': 'invocation', 'label': 'end', 'context': [<snowplow_tracker.self_describing_json.SelfDescribingJson object at 0x000001E832123C50>, <snowplow_tracker.self_describing_json.SelfDescribingJson object at 0x000001E8321F7FD0>, <snowplow_tracker.self_describing_json.SelfDescribingJson object at 0x000001E8321E9110>]}
[0m15:17:30.832168 [debug] [MainThread]: Flushing usage events
[0m15:17:30.840579 [debug] [MainThread]: An error was encountered while trying to flush usage events
[0m14:33:59.100142 [debug] [MainThread]: Sending event: {'category': 'dbt', 'action': 'invocation', 'label': 'start', 'context': [<snowplow_tracker.self_describing_json.SelfDescribingJson object at 0x000002161F412F00>, <snowplow_tracker.self_describing_json.SelfDescribingJson object at 0x000002161EDD2E40>, <snowplow_tracker.self_describing_json.SelfDescribingJson object at 0x000002161EE622D0>]}


============================== 14:33:59.100142 | 115382f4-c426-4f19-8b00-eecc26c56276 ==============================
[0m14:33:59.100142 [info ] [MainThread]: Running with dbt=1.8.10
[0m14:33:59.100142 [debug] [MainThread]: running dbt with arguments {'printer_width': '80', 'indirect_selection': 'eager', 'log_cache_events': 'False', 'write_json': 'True', 'partial_parse': 'True', 'cache_selected_only': 'False', 'profiles_dir': 'C:\\Users\\Khushi Sarpal\\.dbt', 'debug': 'False', 'fail_fast': 'False', 'log_path': 'logs', 'warn_error': 'None', 'version_check': 'True', 'use_colors': 'True', 'use_experimental_parser': 'False', 'empty': 'False', 'quiet': 'False', 'no_print': 'None', 'warn_error_options': 'WarnErrorOptions(include=[], exclude=[])', 'static_parser': 'True', 'introspect': 'True', 'log_format': 'default', 'target_path': 'None', 'invocation_command': 'dbt run', 'send_anonymous_usage_stats': 'True'}
[0m14:33:59.100142 [info ] [MainThread]: This version of dbt is deprecated and no longer receives regular patches, including for known bugs. We recommend upgrading to a newer supported version of dbt: https://docs.getdbt.com/docs/dbt-versions
[0m14:33:59.100142 [debug] [MainThread]: Sending event: {'category': 'dbt', 'action': 'deprecated_version_invocation', 'label': '115382f4-c426-4f19-8b00-eecc26c56276', 'context': [<snowplow_tracker.self_describing_json.SelfDescribingJson object at 0x000002161E7783B0>]}
[0m14:33:59.100142 [error] [MainThread]: Encountered an error:
Runtime Error
  No dbt_project.yml found at expected path D:\Sexy laptop Data\all data\Airbnb Project\dbt_project.yml
  Verify that each entry within packages.yml (and their transitive dependencies) contains a file named dbt_project.yml
  
[0m14:33:59.100142 [debug] [MainThread]: Command `dbt run` failed at 14:33:59.100142 after 0.09 seconds
[0m14:33:59.100142 [debug] [MainThread]: Sending event: {'category': 'dbt', 'action': 'invocation', 'label': 'end', 'context': [<snowplow_tracker.self_describing_json.SelfDescribingJson object at 0x000002161E7783B0>, <snowplow_tracker.self_describing_json.SelfDescribingJson object at 0x000002161F412F00>, <snowplow_tracker.self_describing_json.SelfDescribingJson object at 0x000002161D2FDBB0>]}
[0m14:33:59.100142 [debug] [MainThread]: Flushing usage events
